// Vitest Snapshot v1, https://vitest.dev/guide/snapshot.html

exports[`API V1 endpoints > matches the latest snapshot 1`] = `
{
  "AUTH_MAGIC_LINK_SEND_API_ENDPOINT": "/api/v1/auth/magic-link/send",
  "LANGCHAIN_ANTHROPIC_CLAUDE_LITE_API_ENDPOINT": "/api/v1/chats/claude/lite",
  "LANGCHAIN_ANTHROPIC_CLAUDE_PREMIUM_API_ENDPOINT": "/api/v1/chats/claude/premium",
  "LANGCHAIN_ANTHROPIC_CLAUDE_REGULAR_API_ENDPOINT": "/api/v1/chats/claude/regular",
  "LANGCHAIN_GOOGLE_GEMINI_LITE_API_ENDPOINT": "/api/v1/chats/gemini/lite",
  "LANGCHAIN_GOOGLE_GEMINI_PREMIUM_API_ENDPOINT": "/api/v1/chats/gemini/premium",
  "LANGCHAIN_GOOGLE_GEMINI_REGULAR_API_ENDPOINT": "/api/v1/chats/gemini/regular",
  "LANGCHAIN_OPENAI_GPT_LITE_API_ENDPOINT": "/api/v1/chats/openai/lite",
  "LANGCHAIN_OPENAI_GPT_PREMIUM_API_ENDPOINT": "/api/v1/chats/openai/premium",
  "LANGCHAIN_OPENAI_GPT_REGULAR_API_ENDPOINT": "/api/v1/chats/openai/regular",
}
`;
