// Vitest Snapshot v1, https://vitest.dev/guide/snapshot.html

exports[`Domains > matches the latest snapshot 1`] = `
{
  "LOCALHOST_DOMAIN": "http://localhost:3000",
  "LOCAL_NETWORK_DOMAIN": "http://192.168.1.67:3000",
  "PRODUCTION_DOMAIN": "https://buckeye.chat",
}
`;
